country,value
MIAMI DADE COUNTY,2882965582.00
BROWARD COUNTY,1578082897.00
HILLSBOROUGH COUNTY,1527164674.00
PALM BEACH COUNTY,1408934392.00
DUVAL COUNTY,1126022307.00
ORANGE COUNTY,616096089.00
PINELLAS COUNTY,507638763.70
POLK COUNTY,456782521.60
PASCO COUNTY,367787800.70
COLLIER COUNTY,350520648.40